
> papermark@0.1.0 build
> next build

  ▲ Next.js 14.2.32
  - Environments: .env.production, .env
  - Experiments (use with caution):
    · missingSuspenseWithCSRBailout

   Creating an optimized production build ...
 ✓ Compiled successfully
   Linting and checking validity of types ...

./app/(auth)/auth/confirm-email-change/[token]/page-client.tsx
30:6  Warning: React Hook useEffect has a missing dependency: 'router'. Either include it or remove the dependency array.  react-hooks/exhaustive-deps

./pages/api/mupdf/annotate-document.ts
243:1  Warning: Assign arrow function to a variable before exporting as module default  import/no-anonymous-default-export

./pages/api/mupdf/convert-page.ts
17:1  Warning: Assign arrow function to a variable before exporting as module default  import/no-anonymous-default-export

./pages/api/mupdf/get-pages.ts
5:1  Warning: Assign arrow function to a variable before exporting as module default  import/no-anonymous-default-export

./pages/datarooms/index.tsx
46:6  Warning: React Hook useEffect has a missing dependency: 'router'. Either include it or remove the dependency array.  react-hooks/exhaustive-deps

./pages/documents/[id]/chat.tsx
131:6  Warning: React Hook useEffect has missing dependencies: 'documentId' and 'plausible'. Either include them or remove the dependency array.  react-hooks/exhaustive-deps

./pages/settings/billing.tsx
49:6  Warning: React Hook useEffect has missing dependencies: 'analytics', 'plan', 'router', and 'teamId'. Either include them or remove the dependency array.  react-hooks/exhaustive-deps

./pages/settings/slack.tsx
129:6  Warning: React Hook useEffect has a missing dependency: 'router'. Either include it or remove the dependency array.  react-hooks/exhaustive-deps

./pages/settings/tags.tsx
94:6  Warning: React Hook useEffect has a missing dependency: 'tagForm.id'. Either include it or remove the dependency array.  react-hooks/exhaustive-deps

./pages/view/[linkId]/chat.tsx
129:6  Warning: React Hook useEffect has missing dependencies: 'linkId' and 'plausible'. Either include them or remove the dependency array.  react-hooks/exhaustive-deps

./pages/view/[linkId]/embed.tsx
47:6  Warning: React Hook useEffect has a missing dependency: 'analytics'. Either include it or remove the dependency array.  react-hooks/exhaustive-deps

./pages/visitors/[id]/index.tsx
59:6  Warning: React Hook useEffect has a missing dependency: 'router'. Either include it or remove the dependency array.  react-hooks/exhaustive-deps

./pages/visitors/index.tsx
51:6  Warning: React Hook useEffect has a missing dependency: 'router'. Either include it or remove the dependency array.  react-hooks/exhaustive-deps

./components/billing/upgrade-plan-modal-old.tsx
110:6  Warning: React Hook useEffect has missing dependencies: 'analytics' and 'teamInfo?.currentTeam?.id'. Either include them or remove the dependency array.  react-hooks/exhaustive-deps

./components/billing/upgrade-plan-modal.tsx
184:6  Warning: React Hook useEffect has missing dependencies: 'analytics' and 'teamId'. Either include them or remove the dependency array.  react-hooks/exhaustive-deps

./components/chat/chat.tsx
76:6  Warning: React Hook useEffect has missing dependencies: 'isPublic', 'plan', and 'userId'. Either include them or remove the dependency array.  react-hooks/exhaustive-deps

./components/datarooms/export-visits-modal.tsx
210:6  Warning: React Hook useCallback has a missing dependency: 'handleClose'. Either include it or remove the dependency array.  react-hooks/exhaustive-deps

./components/datarooms/folders/sidebar-tree.tsx
146:6  Warning: React Hook useMemo has an unnecessary dependency: 'dataroomId'. Either exclude it or remove the dependency array.  react-hooks/exhaustive-deps

./components/datarooms/folders/view-tree.tsx
246:6  Warning: React Hook useMemo has a missing dependency: 'nestedFolders'. Either include it or remove the dependency array.  react-hooks/exhaustive-deps

./components/datarooms/groups/delete-group/delete-group-modal.tsx
146:6  Warning: React Hook useCallback has missing dependencies: 'dataroomId', 'groupId', and 'groupName'. Either include them or remove the dependency array.  react-hooks/exhaustive-deps

./components/datarooms/groups/group-permissions.tsx
561:5  Warning: React Hook useCallback has a missing dependency: 'teamId'. Either include it or remove the dependency array.  react-hooks/exhaustive-deps

./components/datarooms/settings/delete-dataroooom/delete-dataroom-modal.tsx
143:6  Warning: React Hook useCallback has missing dependencies: 'dataroomId' and 'dataroomName'. Either include them or remove the dependency array.  react-hooks/exhaustive-deps

./components/documents/export-visits-modal.tsx
203:6  Warning: React Hook useCallback has a missing dependency: 'handleClose'. Either include it or remove the dependency array.  react-hooks/exhaustive-deps

./components/documents/filters/sort-button.tsx
64:6  Warning: React Hook useEffect has a missing dependency: 'router'. Either include it or remove the dependency array.  react-hooks/exhaustive-deps

./components/documents/notion-accessibility-indicator.tsx
129:6  Warning: React Hook useEffect has missing dependencies: 'checkAccessibility' and 'primaryVersion.type'. Either include them or remove the dependency array.  react-hooks/exhaustive-deps

./components/documents/preview-viewers/preview-pages-viewer.tsx
37:6  Warning: React Hook useCallback has an unnecessary dependency: 'numPages'. Either exclude it or remove the dependency array.  react-hooks/exhaustive-deps

./components/layouts/trial-banner.tsx
32:6  Warning: React Hook useEffect has a missing dependency: 'isTrial'. Either include it or remove the dependency array.  react-hooks/exhaustive-deps

./components/links/link-sheet/agreement-panel/index.tsx
267:6  Warning: React Hook useEffect has a missing dependency: 'handleBrowserUpload'. Either include it or remove the dependency array.  react-hooks/exhaustive-deps

./components/links/link-sheet/custom-fields-panel/custom-field.tsx
42:6  Warning: React Hook useEffect has a missing dependency: 'onUpdate'. Either include it or remove the dependency array. If 'onUpdate' changes too often, find the parent component that defines it and wrap that definition in useCallback.  react-hooks/exhaustive-deps

./components/links/link-sheet/custom-fields-section.tsx
51:6  Warning: React Hook useEffect has a missing dependency: 'setData'. Either include it or remove the dependency array. If 'setData' changes too often, find the parent component that defines it and wrap that definition in useCallback.  react-hooks/exhaustive-deps

./components/links/link-sheet/domain-section.tsx
123:6  Warning: React Hook useEffect has missing dependencies: 'canUseCustomDomainForDataroom', 'canUseCustomDomainForDocument', 'data', and 'setData'. Either include them or remove the dependency array. If 'setData' changes too often, find the parent component that defines it and wrap that definition in useCallback.  react-hooks/exhaustive-deps

./components/links/link-sheet/expiration-section.tsx
38:6  Warning: React Hook useEffect has a missing dependency: 'handlePresetChange'. Either include it or remove the dependency array.  react-hooks/exhaustive-deps

./components/links/link-sheet/expirationIn-section.tsx
52:6  Warning: React Hook useEffect has a missing dependency: 'resetStates'. Either include it or remove the dependency array.  react-hooks/exhaustive-deps
71:6  Warning: React Hook useCallback has a missing dependency: 'setData'. Either include it or remove the dependency array. If 'setData' changes too often, find the parent component that defines it and wrap that definition in useCallback.  react-hooks/exhaustive-deps

./components/links/link-sheet/index.tsx
197:6  Warning: React Hook useEffect has missing dependencies: 'groupId', 'isDatarooms', and 'linkType'. Either include them or remove the dependency array. If 'setData' needs the current value of 'linkType', you can also switch to useReducer instead of useState and read 'linkType' in the reducer.  react-hooks/exhaustive-deps

./components/links/link-sheet/watermark-section.tsx
56:6  Warning: React Hook useEffect has a missing dependency: 'setData'. Either include it or remove the dependency array. If 'setData' changes too often, find the parent component that defines it and wrap that definition in useCallback.  react-hooks/exhaustive-deps

./components/search-box.tsx
151:6  Warning: React Hook useEffect has missing dependencies: 'router' and 'urlParam'. Either include them or remove the dependency array.  react-hooks/exhaustive-deps
160:6  Warning: React Hook useEffect has missing dependencies: 'debouncedValue', 'queryParams', 'urlParam', and 'value'. Either include them or remove the dependency array.  react-hooks/exhaustive-deps
160:7  Warning: React Hook useEffect has a complex expression in the dependency array. Extract it to a separate variable so it can be statically checked.  react-hooks/exhaustive-deps

./components/tags/add-tag-modal.tsx
64:6  Warning: React Hook useMemo has a missing dependency: 'tagForm'. Either include it or remove the dependency array.  react-hooks/exhaustive-deps

./components/ui/nextra-filetree.tsx
174:6  Warning: React Hook useCallback has a missing dependency: 'active'. Either include it or remove the dependency array.  react-hooks/exhaustive-deps

./components/ui/tab-select.tsx
25:13  Warning: The attribute aria-selected is not supported by the role button. This role is implicit on the element button.  jsx-a11y/role-supports-aria-props

./components/upload-zone.tsx
412:5  Warning: React Hook useCallback has missing dependencies: 'analytics', 'canAddDocuments', 'dataroomId', 'folderPathName', 'onUploadSuccess', 'plan', 'remainingDocuments', 'router.asPath', 'session?.user', 'setRejectedFiles', 'setUploads', and 'teamInfo?.currentTeam?.id'. Either include them or remove the dependency array. If 'onUploadSuccess' changes too often, find the parent component that defines it and wrap that definition in useCallback.  react-hooks/exhaustive-deps
676:5  Warning: React Hook useCallback has missing dependencies: 'acceptableDropZoneFileTypes', 'analytics', 'dataroomId', and 'setRejectedFiles'. Either include them or remove the dependency array. If 'setRejectedFiles' changes too often, find the parent component that defines it and wrap that definition in useCallback.  react-hooks/exhaustive-deps

./components/view/access-form/index.tsx
77:6  Warning: React Hook useEffect has a missing dependency: 'setData'. Either include it or remove the dependency array. If 'setData' changes too often, find the parent component that defines it and wrap that definition in useCallback.  react-hooks/exhaustive-deps

./components/view/dataroom/dataroom-document-view.tsx
271:6  Warning: React Hook useEffect has a missing dependency: 'handleSubmission'. Either include it or remove the dependency array.  react-hooks/exhaustive-deps

./components/view/dataroom/dataroom-view.tsx
221:6  Warning: React Hook useEffect has a missing dependency: 'handleSubmission'. Either include it or remove the dependency array.  react-hooks/exhaustive-deps

./components/view/document-view.tsx
236:6  Warning: React Hook useEffect has a missing dependency: 'handleSubmission'. Either include it or remove the dependency array.  react-hooks/exhaustive-deps

./components/view/viewer/download-only-viewer.tsx
70:6  Warning: React Hook useEffect has a missing dependency: 'router'. Either include it or remove the dependency array.  react-hooks/exhaustive-deps

./components/view/viewer/excel-viewer.tsx
138:6  Warning: React Hook useEffect has a missing dependency: 'selectedSheetIndex'. Either include it or remove the dependency array.  react-hooks/exhaustive-deps

./components/view/viewer/image-viewer.tsx
102:6  Warning: React Hook useEffect has an unnecessary dependency: 'containerRef.current'. Either exclude it or remove the dependency array. Mutable values like 'containerRef.current' aren't valid dependencies because mutating them doesn't re-render the component.  react-hooks/exhaustive-deps
251:6  Warning: React Hook useEffect has missing dependencies: 'dataroomId' and 'router'. Either include them or remove the dependency array.  react-hooks/exhaustive-deps

./components/view/viewer/notion-page.tsx
109:6  Warning: React Hook useEffect has a missing dependency: 'navData?.dataroomId'. Either include it or remove the dependency array.  react-hooks/exhaustive-deps
247:5  Warning: React Hook useCallback has an unnecessary dependency: 'subPageId'. Either exclude it or remove the dependency array.  react-hooks/exhaustive-deps
279:6  Warning: React Hook useEffect has a missing dependency: 'navData?.dataroomId'. Either include it or remove the dependency array.  react-hooks/exhaustive-deps

./components/view/viewer/pages-horizontal-viewer.tsx
386:6  Warning: React Hook useEffect has missing dependencies: 'dataroomId' and 'router'. Either include them or remove the dependency array.  react-hooks/exhaustive-deps
397:9  Warning: The 'goToPreviousPage' function makes the dependencies of useEffect Hook (at line 548) change on every render. To fix this, wrap the definition of 'goToPreviousPage' in its own useCallback() Hook.  react-hooks/exhaustive-deps
432:9  Warning: The 'goToNextPage' function makes the dependencies of useEffect Hook (at line 548) change on every render. To fix this, wrap the definition of 'goToNextPage' in its own useCallback() Hook.  react-hooks/exhaustive-deps
462:9  Warning: The 'handleKeyDown' function makes the dependencies of useEffect Hook (at line 548) change on every render. Move it inside the useEffect callback. Alternatively, wrap the definition of 'handleKeyDown' in its own useCallback() Hook.  react-hooks/exhaustive-deps
578:6  Warning: React Hook useEffect has an unnecessary dependency: 'containerRef.current'. Either exclude it or remove the dependency array. Mutable values like 'containerRef.current' aren't valid dependencies because mutating them doesn't re-render the component.  react-hooks/exhaustive-deps

./components/view/viewer/pages-vertical-viewer.tsx
404:6  Warning: React Hook useEffect has missing dependencies: 'dataroomId' and 'router'. Either include them or remove the dependency array.  react-hooks/exhaustive-deps
406:9  Warning: The 'handleScroll' function makes the dependencies of useEffect Hook (at line 702) change on every render. Move it inside the useEffect callback. Alternatively, wrap the definition of 'handleScroll' in its own useCallback() Hook.  react-hooks/exhaustive-deps
491:9  Warning: The 'goToPreviousPage' function makes the dependencies of useEffect Hook (at line 690) change on every render. To fix this, wrap the definition of 'goToPreviousPage' in its own useCallback() Hook.  react-hooks/exhaustive-deps
537:9  Warning: The 'goToNextPage' function makes the dependencies of useEffect Hook (at line 690) change on every render. To fix this, wrap the definition of 'goToNextPage' in its own useCallback() Hook.  react-hooks/exhaustive-deps
584:9  Warning: The 'handleKeyDown' function makes the dependencies of useEffect Hook (at line 690) change on every render. Move it inside the useEffect callback. Alternatively, wrap the definition of 'handleKeyDown' in its own useCallback() Hook.  react-hooks/exhaustive-deps
699:22  Warning: The ref value 'containerRef.current' will likely have changed by the time this effect cleanup function runs. If this ref points to a node rendered by React, copy 'containerRef.current' to a variable inside the effect, and use that variable in the cleanup function.  react-hooks/exhaustive-deps

./components/view/viewer/pdf-default-viewer.tsx
133:6  Warning: React Hook useEffect has a missing dependency: 'updateNumPages'. Either include it or remove the dependency array.  react-hooks/exhaustive-deps
169:6  Warning: React Hook useEffect has a missing dependency: 'props?.navData?.dataroomId'. Either include it or remove the dependency array.  react-hooks/exhaustive-deps
212:6  Warning: React Hook useEffect has missing dependencies: 'goToNextPage' and 'goToPreviousPage'. Either include them or remove the dependency array.  react-hooks/exhaustive-deps

./lib/tracking/safe-page-view-tracker.ts
189:8  Warning: React Hook useCallback has a missing dependency: 'startTimeRef'. Either include it or remove the dependency array.  react-hooks/exhaustive-deps
225:8  Warning: React Hook useCallback has a missing dependency: 'startTimeRef'. Either include it or remove the dependency array.  react-hooks/exhaustive-deps
258:8  Warning: React Hook useCallback has a missing dependency: 'startTimeRef'. Either include it or remove the dependency array.  react-hooks/exhaustive-deps

info  - Need to disable some ESLint rules? Learn more here: https://nextjs.org/docs/basic-features/eslint#disabling-rules
   Collecting page data ...
 ⚠ Using edge runtime on a page currently disables static generation for that page
[Upstash QStash] client token is not set. Either pass a token or set QSTASH_TOKEN env variable.
[Upstash QStash] client token is not set. Either pass a token or set QSTASH_TOKEN env variable.
[Upstash QStash] client token is not set. Either pass a token or set QSTASH_TOKEN env variable.
[Upstash QStash] client token is not set. Either pass a token or set QSTASH_TOKEN env variable.
[Upstash QStash] client token is not set. Either pass a token or set QSTASH_TOKEN env variable.
[Upstash QStash] client token is not set. Either pass a token or set QSTASH_TOKEN env variable.
   Generating static pages (0/71) ...
[Upstash QStash] client token is not set. Either pass a token or set QSTASH_TOKEN env variable.
   Generating static pages (17/71) 
🚀 ~ WebhookSettings ~ name: 
   Generating static pages (35/71) 
   Generating static pages (53/71) 
 ✓ Generating static pages (71/71)
   Finalizing page optimization ...
   Collecting build traces ...

Route (app)                                                                            Size     First Load JS
┌ ○ /_not-found                                                                        880 B            93 kB
├ ƒ /api/cron/domains                                                                  0 B                0 B
├ ƒ /api/cron/year-in-review                                                           0 B                0 B
├ ƒ /api/csp-report                                                                    0 B                0 B
├ ƒ /api/faqs                                                                          0 B                0 B
├ ƒ /api/feature-flags                                                                 0 B                0 B
├ ƒ /api/help                                                                          0 B                0 B
├ ƒ /api/integrations/slack/oauth/authorize                                            0 B                0 B
├ ƒ /api/integrations/slack/oauth/callback                                             0 B                0 B
├ ƒ /api/links/[id]/upload                                                             0 B                0 B
├ ƒ /api/og                                                                            0 B                0 B
├ ƒ /api/views                                                                         0 B                0 B
├ ƒ /api/views-dataroom                                                                0 B                0 B
├ ƒ /api/webhooks/callback                                                             0 B                0 B
├ ƒ /auth/confirm-email-change/[token]                                                 602 B           435 kB
├ ○ /login                                                                             39.4 kB         476 kB
├ ○ /register                                                                          9.02 kB         443 kB
├ ○ /robots.txt                                                                        0 B                0 B
├ ƒ /verify                                                                            244 B           110 kB
└ ƒ /verify/invitation                                                                 2.62 kB         427 kB
+ First Load JS shared by all                                                          92.1 kB
  ├ chunks/2117-b9acde5e2c52b80b.js                                                    31.7 kB
  ├ chunks/fd9d1056-73a5ca520c8f38f1.js                                                53.6 kB
  └ other shared chunks (total)                                                        6.78 kB

Route (pages)                                                                          Size     First Load JS
┌   /_app                                                                              0 B             545 kB
├ ○ /404                                                                               689 B           548 kB
├ ○ /account/general                                                                   5.3 kB          652 kB
├ ○ /account/security                                                                  3.87 kB         650 kB
├ ƒ /api/account                                                                       0 B             545 kB
├ ƒ /api/account/passkeys                                                              0 B             545 kB
├ ƒ /api/analytics                                                                     0 B             545 kB
├ ƒ /api/assistants                                                                    0 B             545 kB
├ ƒ /api/assistants/chat                                                               0 B             545 kB
├ ƒ /api/assistants/threads                                                            0 B             545 kB
├ ƒ /api/auth/[...nextauth]                                                            0 B             545 kB
├ ƒ /api/auth/test-db                                                                  0 B             545 kB
├ ƒ /api/conversations/[[...conversations]]                                            0 B             545 kB
├ ƒ /api/debug-vdr                                                                     0 B             545 kB
├ ƒ /api/feedback                                                                      0 B             545 kB
├ ƒ /api/file/browser-upload                                                           0 B             545 kB
├ ƒ /api/file/image-upload                                                             0 B             545 kB
├ ƒ /api/file/notion                                                                   0 B             545 kB
├ ƒ /api/file/s3/get-presigned-get-url                                                 0 B             545 kB
├ ƒ /api/file/s3/get-presigned-get-url-proxy                                           0 B             545 kB
├ ƒ /api/file/s3/get-presigned-post-url                                                0 B             545 kB
├ ƒ /api/file/s3/multipart                                                             0 B             545 kB
├ ƒ /api/file/tus-viewer/[[...file]]                                                   0 B             545 kB
├ ƒ /api/file/tus/[[...file]]                                                          0 B             545 kB
├ ƒ /api/health                                                                        0 B             545 kB
├ ƒ /api/internal/billing/automatic-unpause                                            0 B             545 kB
├ ƒ /api/jobs/get-thumbnail                                                            0 B             545 kB
├ ƒ /api/jobs/send-conversation-new-message-notification                               0 B             545 kB
├ ƒ /api/jobs/send-conversation-team-member-notification                               0 B             545 kB
├ ƒ /api/jobs/send-dataroom-new-document-notification                                  0 B             545 kB
├ ƒ /api/jobs/send-dataroom-view-invitation                                            0 B             545 kB
├ ƒ /api/jobs/send-notification                                                        0 B             545 kB
├ ƒ /api/jobs/send-pause-resume-notification                                           0 B             545 kB
├ ƒ /api/links                                                                         0 B             545 kB
├ ƒ /api/links/[id]                                                                    0 B             545 kB
├ ƒ /api/links/[id]/annotations                                                        0 B             545 kB
├ ƒ /api/links/[id]/archive                                                            0 B             545 kB
├ ƒ /api/links/[id]/documents/[documentId]                                             0 B             545 kB
├ ƒ /api/links/[id]/documents/[documentId]/annotations                                 0 B             545 kB
├ ƒ /api/links/[id]/duplicate                                                          0 B             545 kB
├ ƒ /api/links/[id]/preview                                                            0 B             545 kB
├ ƒ /api/links/[id]/visits                                                             0 B             545 kB
├ ƒ /api/links/domains/[...domainSlug]                                                 0 B             545 kB
├ ƒ /api/links/download                                                                0 B             545 kB
├ ƒ /api/links/download/bulk                                                           0 B             545 kB
├ ƒ /api/links/download/dataroom-document                                              0 B             545 kB
├ ƒ /api/links/download/dataroom-folder                                                0 B             545 kB
├ ƒ /api/links/generate-index                                                          0 B             545 kB
├ ƒ /api/mupdf/annotate-document                                                       0 B             545 kB
├ ƒ /api/mupdf/convert-page                                                            0 B             545 kB
├ ƒ /api/mupdf/get-pages                                                               0 B             545 kB
├ ƒ /api/passkeys/register                                                             0 B             545 kB
├ ƒ /api/progress-token                                                                0 B             545 kB
├ ƒ /api/record_click                                                                  0 B             545 kB
├ ƒ /api/record_reaction                                                               0 B             545 kB
├ ƒ /api/record_video_view                                                             0 B             545 kB
├ ƒ /api/record_view                                                                   0 B             545 kB
├ ƒ /api/report                                                                        0 B             545 kB
├ ƒ /api/revalidate                                                                    0 B             545 kB
├ ƒ /api/stripe/webhook                                                                0 B             545 kB
├ ƒ /api/stripe/webhook-old                                                            0 B             545 kB
├ ƒ /api/teams                                                                         0 B             545 kB
├ ƒ /api/teams/[teamId]                                                                0 B             545 kB
├ ƒ /api/teams/[teamId]/agreements                                                     0 B             545 kB
├ ƒ /api/teams/[teamId]/agreements/[agreementId]                                       0 B             545 kB
├ ƒ /api/teams/[teamId]/agreements/[agreementId]/download                              0 B             545 kB
├ ƒ /api/teams/[teamId]/billing                                                        0 B             545 kB
├ ƒ /api/teams/[teamId]/billing/cancel                                                 0 B             545 kB
├ ƒ /api/teams/[teamId]/billing/cancellation-feedback                                  0 B             545 kB
├ ƒ /api/teams/[teamId]/billing/manage                                                 0 B             545 kB
├ ƒ /api/teams/[teamId]/billing/pause                                                  0 B             545 kB
├ ƒ /api/teams/[teamId]/billing/plan                                                   0 B             545 kB
├ ƒ /api/teams/[teamId]/billing/reactivate                                             0 B             545 kB
├ ƒ /api/teams/[teamId]/billing/retention-offer                                        0 B             545 kB
├ ƒ /api/teams/[teamId]/billing/unpause                                                0 B             545 kB
├ ƒ /api/teams/[teamId]/billing/upgrade                                                0 B             545 kB
├ ƒ /api/teams/[teamId]/branding                                                       0 B             545 kB
├ ƒ /api/teams/[teamId]/change-role                                                    0 B             545 kB
├ ƒ /api/teams/[teamId]/datarooms                                                      0 B             545 kB
├ ƒ /api/teams/[teamId]/datarooms/[id]                                                 0 B             545 kB
├ ƒ /api/teams/[teamId]/datarooms/[id]/apply-permissions                               0 B             545 kB
├ ƒ /api/teams/[teamId]/datarooms/[id]/branding                                        0 B             545 kB
├ ƒ /api/teams/[teamId]/datarooms/[id]/calculate-indexes                               0 B             545 kB
├ ƒ /api/teams/[teamId]/datarooms/[id]/conversations/[[...conversations]]              0 B             545 kB
├ ƒ /api/teams/[teamId]/datarooms/[id]/conversations/toggle-conversations              0 B             545 kB
├ ƒ /api/teams/[teamId]/datarooms/[id]/documents                                       0 B             545 kB
├ ƒ /api/teams/[teamId]/datarooms/[id]/documents/[documentId]                          0 B             545 kB
├ ƒ /api/teams/[teamId]/datarooms/[id]/documents/[documentId]/stats                    0 B             545 kB
├ ƒ /api/teams/[teamId]/datarooms/[id]/documents/move                                  0 B             545 kB
├ ƒ /api/teams/[teamId]/datarooms/[id]/download/bulk                                   0 B             545 kB
├ ƒ /api/teams/[teamId]/datarooms/[id]/duplicate                                       0 B             545 kB
├ ƒ /api/teams/[teamId]/datarooms/[id]/export-visits                                   0 B             545 kB
├ ƒ /api/teams/[teamId]/datarooms/[id]/faqs                                            0 B             545 kB
├ ƒ /api/teams/[teamId]/datarooms/[id]/faqs/[faqId]                                    0 B             545 kB
├ ƒ /api/teams/[teamId]/datarooms/[id]/folders                                         0 B             545 kB
├ ƒ /api/teams/[teamId]/datarooms/[id]/folders/[...name]                               0 B             545 kB
├ ƒ /api/teams/[teamId]/datarooms/[id]/folders/documents/[...name]                     0 B             545 kB
├ ƒ /api/teams/[teamId]/datarooms/[id]/folders/manage                                  0 B             545 kB
├ ƒ /api/teams/[teamId]/datarooms/[id]/folders/manage/[folderId]                       0 B             545 kB
├ ƒ /api/teams/[teamId]/datarooms/[id]/folders/manage/[folderId]/dataroom-to-dataroom  0 B             545 kB
├ ƒ /api/teams/[teamId]/datarooms/[id]/folders/move                                    0 B             545 kB
├ ƒ /api/teams/[teamId]/datarooms/[id]/folders/parents/[...name]                       0 B             545 kB
├ ƒ /api/teams/[teamId]/datarooms/[id]/generate-index                                  0 B             545 kB
├ ƒ /api/teams/[teamId]/datarooms/[id]/groups                                          0 B             545 kB
├ ƒ /api/teams/[teamId]/datarooms/[id]/groups/[groupId]                                0 B             545 kB
├ ƒ /api/teams/[teamId]/datarooms/[id]/groups/[groupId]/export-visits                  0 B             545 kB
├ ƒ /api/teams/[teamId]/datarooms/[id]/groups/[groupId]/links                          0 B             545 kB
├ ƒ /api/teams/[teamId]/datarooms/[id]/groups/[groupId]/members                        0 B             545 kB
├ ƒ /api/teams/[teamId]/datarooms/[id]/groups/[groupId]/members/[memberId]             0 B             545 kB
├ ƒ /api/teams/[teamId]/datarooms/[id]/groups/[groupId]/permissions                    0 B             545 kB
├ ƒ /api/teams/[teamId]/datarooms/[id]/groups/[groupId]/views                          0 B             545 kB
├ ƒ /api/teams/[teamId]/datarooms/[id]/links                                           0 B             545 kB
├ ƒ /api/teams/[teamId]/datarooms/[id]/permission-groups                               0 B             545 kB
├ ƒ /api/teams/[teamId]/datarooms/[id]/permission-groups/[permissionGroupId]           0 B             545 kB
├ ƒ /api/teams/[teamId]/datarooms/[id]/reorder                                         0 B             545 kB
├ ƒ /api/teams/[teamId]/datarooms/[id]/stats                                           0 B             545 kB
├ ƒ /api/teams/[teamId]/datarooms/[id]/users                                           0 B             545 kB
├ ƒ /api/teams/[teamId]/datarooms/[id]/viewers                                         0 B             545 kB
├ ƒ /api/teams/[teamId]/datarooms/[id]/views                                           0 B             545 kB
├ ƒ /api/teams/[teamId]/datarooms/[id]/views-count                                     0 B             545 kB
├ ƒ /api/teams/[teamId]/datarooms/[id]/views/[viewId]/custom-fields                    0 B             545 kB
├ ƒ /api/teams/[teamId]/datarooms/[id]/views/[viewId]/history                          0 B             545 kB
├ ƒ /api/teams/[teamId]/datarooms/[id]/views/[viewId]/user-agent                       0 B             545 kB
├ ƒ /api/teams/[teamId]/datarooms/create-from-folder                                   0 B             545 kB
├ ƒ /api/teams/[teamId]/datarooms/trial                                                0 B             545 kB
├ ƒ /api/teams/[teamId]/documents                                                      0 B             545 kB
├ ƒ /api/teams/[teamId]/documents/[id]                                                 0 B             545 kB
├ ƒ /api/teams/[teamId]/documents/[id]/add-to-dataroom                                 0 B             545 kB
├ ƒ /api/teams/[teamId]/documents/[id]/advanced-mode                                   0 B             545 kB
├ ƒ /api/teams/[teamId]/documents/[id]/annotations                                     0 B             545 kB
├ ƒ /api/teams/[teamId]/documents/[id]/annotations/[annotationId]                      0 B             545 kB
├ ƒ /api/teams/[teamId]/documents/[id]/annotations/[annotationId]/images               0 B             545 kB
├ ƒ /api/teams/[teamId]/documents/[id]/change-orientation                              0 B             545 kB
├ ƒ /api/teams/[teamId]/documents/[id]/check-notion-accessibility                      0 B             545 kB
├ ƒ /api/teams/[teamId]/documents/[id]/duplicate                                       0 B             545 kB
├ ƒ /api/teams/[teamId]/documents/[id]/export-visits                                   0 B             545 kB
├ ƒ /api/teams/[teamId]/documents/[id]/links                                           0 B             545 kB
├ ƒ /api/teams/[teamId]/documents/[id]/overview                                        0 B             545 kB
├ ƒ /api/teams/[teamId]/documents/[id]/preview-data                                    0 B             545 kB
├ ƒ /api/teams/[teamId]/documents/[id]/stats                                           0 B             545 kB
├ ƒ /api/teams/[teamId]/documents/[id]/toggle-dark-mode                                0 B             545 kB
├ ƒ /api/teams/[teamId]/documents/[id]/toggle-download-only                            0 B             545 kB
├ ƒ /api/teams/[teamId]/documents/[id]/update-name                                     0 B             545 kB
├ ƒ /api/teams/[teamId]/documents/[id]/update-notion-url                               0 B             545 kB
├ ƒ /api/teams/[teamId]/documents/[id]/versions                                        0 B             545 kB
├ ƒ /api/teams/[teamId]/documents/[id]/video-analytics                                 0 B             545 kB
├ ƒ /api/teams/[teamId]/documents/[id]/views                                           0 B             545 kB
├ ƒ /api/teams/[teamId]/documents/[id]/views-count                                     0 B             545 kB
├ ƒ /api/teams/[teamId]/documents/[id]/views/[viewId]/click-events                     0 B             545 kB
├ ƒ /api/teams/[teamId]/documents/[id]/views/[viewId]/custom-fields                    0 B             545 kB
├ ƒ /api/teams/[teamId]/documents/[id]/views/[viewId]/stats                            0 B             545 kB
├ ƒ /api/teams/[teamId]/documents/[id]/views/[viewId]/user-agent                       0 B             545 kB
├ ƒ /api/teams/[teamId]/documents/[id]/views/[viewId]/video-stats                      0 B             545 kB
├ ƒ /api/teams/[teamId]/documents/agreement                                            0 B             545 kB
├ ƒ /api/teams/[teamId]/documents/document-processing-status                           0 B             545 kB
├ ƒ /api/teams/[teamId]/documents/move                                                 0 B             545 kB
├ ƒ /api/teams/[teamId]/documents/search                                               0 B             545 kB
├ ƒ /api/teams/[teamId]/documents/update                                               0 B             545 kB
├ ƒ /api/teams/[teamId]/domains                                                        0 B             545 kB
├ ƒ /api/teams/[teamId]/domains/[domain]                                               0 B             545 kB
├ ƒ /api/teams/[teamId]/domains/[domain]/verify                                        0 B             545 kB
├ ƒ /api/teams/[teamId]/enable-advanced-mode                                           0 B             545 kB
├ ƒ /api/teams/[teamId]/export-jobs                                                    0 B             545 kB
├ ƒ /api/teams/[teamId]/export-jobs/[exportId]                                         0 B             545 kB
├ ƒ /api/teams/[teamId]/export-jobs/[exportId]/send-email                              0 B             545 kB
├ ƒ /api/teams/[teamId]/folders                                                        0 B             545 kB
├ ƒ /api/teams/[teamId]/folders/[...name]                                              0 B             545 kB
├ ƒ /api/teams/[teamId]/folders/documents/[...name]                                    0 B             545 kB
├ ƒ /api/teams/[teamId]/folders/manage                                                 0 B             545 kB
├ ƒ /api/teams/[teamId]/folders/manage/[folderId]                                      0 B             545 kB
├ ƒ /api/teams/[teamId]/folders/manage/[folderId]/add-to-dataroom                      0 B             545 kB
├ ƒ /api/teams/[teamId]/folders/move                                                   0 B             545 kB
├ ƒ /api/teams/[teamId]/folders/parents/[...name]                                      0 B             545 kB
├ ƒ /api/teams/[teamId]/global-block-list                                              0 B             545 kB
├ ƒ /api/teams/[teamId]/ignored-domains                                                0 B             545 kB
├ ƒ /api/teams/[teamId]/incoming-webhooks                                              0 B             545 kB
├ ƒ /api/teams/[teamId]/integrations/slack                                             0 B             545 kB
├ ƒ /api/teams/[teamId]/integrations/slack/channels                                    0 B             545 kB
├ ƒ /api/teams/[teamId]/invitations                                                    0 B             545 kB
├ ƒ /api/teams/[teamId]/invitations/accept                                             0 B             545 kB
├ ƒ /api/teams/[teamId]/invitations/resend                                             0 B             545 kB
├ ƒ /api/teams/[teamId]/invite                                                         0 B             545 kB
├ ƒ /api/teams/[teamId]/limits                                                         0 B             545 kB
├ ƒ /api/teams/[teamId]/presets                                                        0 B             545 kB
├ ƒ /api/teams/[teamId]/presets/[id]                                                   0 B             545 kB
├ ƒ /api/teams/[teamId]/remove-teammate                                                0 B             545 kB
├ ƒ /api/teams/[teamId]/tags                                                           0 B             545 kB
├ ƒ /api/teams/[teamId]/tags/[id]                                                      0 B             545 kB
├ ƒ /api/teams/[teamId]/tokens                                                         0 B             545 kB
├ ƒ /api/teams/[teamId]/update-advanced-mode                                           0 B             545 kB
├ ƒ /api/teams/[teamId]/update-name                                                    0 B             545 kB
├ ƒ /api/teams/[teamId]/viewers                                                        0 B             545 kB
├ ƒ /api/teams/[teamId]/viewers/[id]                                                   0 B             545 kB
├ ƒ /api/teams/[teamId]/views/[id]/archive                                             0 B             545 kB
├ ƒ /api/teams/[teamId]/webhooks                                                       0 B             545 kB
├ ƒ /api/teams/[teamId]/webhooks/[id]                                                  0 B             545 kB
├ ƒ /api/teams/[teamId]/webhooks/[id]/events                                           0 B             545 kB
├ ƒ /api/test-oauth                                                                    0 B             545 kB
├ ƒ /api/unsubscribe/dataroom                                                          0 B             545 kB
├ ƒ /api/unsubscribe/yir                                                               0 B             545 kB
├ ƒ /api/webhooks/services/[...path]                                                   0 B             545 kB
├ ○ /branding                                                                          11.3 kB         658 kB
├ ○ /dashboard (1317 ms)                                                               25 kB           797 kB
├ ○ /datarooms                                                                         6.05 kB         755 kB
├ ○ /datarooms/[id]                                                                    2.6 kB          986 kB
├ ○ /datarooms/[id]/analytics                                                          6.95 kB        1.02 MB
├ ○ /datarooms/[id]/branding                                                           71.9 kB         967 kB
├ ○ /datarooms/[id]/conversations                                                      7.77 kB         905 kB
├ ○ /datarooms/[id]/conversations/[conversationId]                                     8.1 kB          911 kB
├ ○ /datarooms/[id]/conversations/faqs                                                 6.8 kB          902 kB
├ ○ /datarooms/[id]/documents                                                          1.37 kB        1.05 MB
├ ○ /datarooms/[id]/documents/[...name]                                                1.4 kB         1.05 MB
├ ○ /datarooms/[id]/groups                                                             5.29 kB         901 kB
├ ○ /datarooms/[id]/groups/[groupId]                                                   6.01 kB         912 kB
├ ○ /datarooms/[id]/groups/[groupId]/group-analytics                                   2.01 kB         912 kB
├ ○ /datarooms/[id]/groups/[groupId]/links                                             3.77 kB         973 kB
├ ○ /datarooms/[id]/groups/[groupId]/members                                           5.67 kB         901 kB
├ ○ /datarooms/[id]/groups/[groupId]/permissions                                       6.14 kB         902 kB
├ ○ /datarooms/[id]/permissions                                                        3.52 kB         972 kB
├ ○ /datarooms/[id]/settings                                                           6.29 kB         912 kB
├ ○ /datarooms/[id]/settings/downloads                                                 3.37 kB         899 kB
├ ○ /datarooms/[id]/settings/file-permissions                                          3.64 kB         899 kB
├ ○ /datarooms/[id]/settings/notifications                                             3.62 kB         899 kB
├ ○ /datarooms/[id]/users                                                              4.61 kB         900 kB
├ ○ /documents                                                                         4.63 kB        1.02 MB
├ ○ /documents/[id]                                                                    144 kB         1.24 MB
├ ƒ /documents/[id]/chat                                                               852 B           567 kB
├ ○ /documents/[id]/settings                                                           14.5 kB         825 kB
├ ○ /documents/new                                                                     4.2 kB          849 kB
├ ○ /documents/tree/[...name]                                                          937 B          1.02 MB
├ ○ /entrance_ppreview_demo                                                            2.17 kB         547 kB
├ ○ /nav_ppreview_demo                                                                 1.67 kB         547 kB
├ ○ /room_ppreview_demo                                                                4.05 kB         573 kB
├ ○ /settings/agreements                                                               15.9 kB         795 kB
├ ○ /settings/billing                                                                  10 kB           670 kB
├ ○ /settings/domains                                                                  10.1 kB         704 kB
├ ○ /settings/general                                                                  6.39 kB         663 kB
├ ○ /settings/incoming-webhooks                                                        3.64 kB         658 kB
├ ○ /settings/people                                                                   4.23 kB         651 kB
├ ○ /settings/presets                                                                  2.77 kB         655 kB
├ ○ /settings/presets/[id]                                                             11.6 kB         861 kB
├ ○ /settings/presets/new                                                              2.79 kB         878 kB
├ ○ /settings/slack                                                                    9.74 kB         660 kB
├ ○ /settings/tags                                                                     10.8 kB         663 kB
├ ○ /settings/tokens                                                                   3.28 kB         656 kB
├ ○ /settings/upgrade                                                                  7.75 kB         582 kB
├ ○ /settings/webhooks                                                                 2.52 kB         649 kB
├ ○ /settings/webhooks/[id]                                                            50.8 kB         705 kB
├ ○ /settings/webhooks/new                                                             2.49 kB         653 kB
├ ○ /unsubscribe                                                                       1.91 kB         547 kB
├ ● /view/[linkId]                                                                     2.08 kB        1.11 MB
├ ƒ /view/[linkId]/chat                                                                852 B           567 kB
├ ● /view/[linkId]/d/[documentId]                                                      1.41 kB        1.04 MB
├ ● /view/[linkId]/embed                                                               1.22 kB        1.11 MB
├ ● /view/domains/[domain]/[slug]                                                      2.04 kB        1.11 MB
├ ● /view/domains/[domain]/[slug]/d/[documentId]                                       1.43 kB        1.04 MB
├ ○ /visitors                                                                          6.81 kB         673 kB
├ ○ /visitors/[id]                                                                     5.29 kB         676 kB
└ ○ /welcome                                                                           8.83 kB         861 kB
+ First Load JS shared by all                                                          594 kB
  ├ chunks/framework-8cb092a513be129e.js                                               44.9 kB
  ├ chunks/main-beb7e1d771dfdd10.js                                                    34.4 kB
  ├ chunks/pages/_app-adb417b16278f340.js                                              459 kB
  ├ css/4113108120ad2485.css                                                           49 kB
  └ other shared chunks (total)                                                        6.55 kB

ƒ Middleware                                                                           48.8 kB

○  (Static)   prerendered as static content
●  (SSG)      prerendered as static HTML (uses getStaticProps)
ƒ  (Dynamic)  server-rendered on demand

